// Jest Snapshot v1, https://goo.gl/fbAQLP

exports[`Map renders correctly snapshot 1`] = `
<div
  className="map"
>
  <div
    className="map__component"
    data-testid="map"
  />
</div>
`;
