// Jest Snapshot v1, https://goo.gl/fbAQLP

exports[`Loader renders correctly snapshot 1`] = `
<div
  className="loader"
  data-testid="loader"
>
  <img
    alt="Загрузка..."
    className="loader__img"
    height="70px"
    src="loader.svg"
    width="70px"
  />
</div>
`;
