// Jest Snapshot v1, https://goo.gl/fbAQLP

exports[`Input renders correctly snapshot 1`] = `
<div
  className="input"
>
  <div
    className="MuiFormControl-root MuiTextField-root WithStyles(ForwardRef(TextField))-root-1 MuiFormControl-marginDense MuiFormControl-fullWidth"
  >
    
    <div
      className="MuiInputBase-root MuiInput-root MuiInput-underline MuiInputBase-fullWidth MuiInput-fullWidth MuiInputBase-formControl MuiInput-formControl MuiInputBase-marginDense MuiInput-marginDense"
      onClick={[Function]}
    >
      <input
        aria-invalid={false}
        autoFocus={false}
        className="MuiInputBase-input MuiInput-input MuiInputBase-inputMarginDense MuiInput-inputMarginDense"
        disabled={false}
        id=""
        name=""
        onAnimationStart={[Function]}
        onBlur={[Function]}
        onChange={[Function]}
        onFocus={[Function]}
        placeholder=""
        required={false}
        type="text"
        value=""
      />
    </div>
  </div>
</div>
`;
