// Jest Snapshot v1, https://goo.gl/fbAQLP

exports[`MapPage renders correctly 1`] = `
Array [
  <header
    className="header"
  >
    <img
      alt="Логотип"
      className="header__logo"
      src="logo.svg"
    />
    <nav
      className="header__nav"
    >
      <ul
        className="header__nav-list"
      >
        <li
          className="header__nav-item"
        >
          <a
            className="header__nav-link header__nav-link--active"
            onClick={[Function]}
          >
            Карта
          </a>
        </li>
        <li
          className="header__nav-item"
        >
          <a
            className="header__nav-link"
            onClick={[Function]}
          >
            Профиль
          </a>
        </li>
        <li
          className="header__nav-item"
        >
          <a
            className="header__nav-link"
            onClick={[Function]}
          >
            Выйти
          </a>
        </li>
      </ul>
    </nav>
  </header>,
  <main
    className="main-page"
  >
    <div
      className="map"
    >
      <div
        className="map__component"
        data-testid="map"
      />
    </div>
  </main>,
]
`;
